<html><head>
  <meta http-equiv="content-type" content="text/html; charset=UTF-8">
  <script type="text/javascript"></script>
  <script type="text/javascript" src="ru-hexlet-io-courses_files/site_files-script.js"></script>
  <link rel="stylesheet" media="all" href="ru-hexlet-io-courses_files/site_files-css-style.css">
  <title>Fixtures</title>
</head>

<body>
  <img class="rounded" src="ru-hexlet-io-courses_files/site_files-image.jpg">
  <a href="https://ru.hexlet.io/courses/logic">Logic</a>
</body></html>